I'm sorry, but errors were detected in your script. Please correct the
errors listed below, and try again.


File "game/script.rpy", line 37: expected an indented block
    def check_if_lose():

Ren'Py Version: Ren'Py 8.3.2.24090902
Wed Jan  8 22:57:02 2025
